ERROR - 2025-10-08 12:03:19 --> Error connecting to the database: mysqli_sql_exception: Unknown database 'itemsystem3a' in C:\xampp\htdocs\itemSystem3A\system\Database\MySQLi\Connection.php:201
Stack trace:
#0 C:\xampp\htdocs\itemSystem3A\system\Database\MySQLi\Connection.php(201): mysqli->real_connect('localhost', 'root', Object(SensitiveParameterValue), 'itemsystem3a', 3306, '', 0)
#1 C:\xampp\htdocs\itemSystem3A\system\Database\BaseConnection.php(419): CodeIgniter\Database\MySQLi\Connection->connect(false)
#2 C:\xampp\htdocs\itemSystem3A\system\Database\BaseConnection.php(614): CodeIgniter\Database\BaseConnection->initialize()
#3 C:\xampp\htdocs\itemSystem3A\system\Database\BaseBuilder.php(2345): CodeIgniter\Database\BaseConnection->query('INSERT INTO `us...', Array, false)
#4 C:\xampp\htdocs\itemSystem3A\system\Model.php(394): CodeIgniter\Database\BaseBuilder->insert()
#5 C:\xampp\htdocs\itemSystem3A\system\BaseModel.php(838): CodeIgniter\Model->doInsert(Array)
#6 C:\xampp\htdocs\itemSystem3A\system\Model.php(797): CodeIgniter\BaseModel->insert(Array, true)
#7 C:\xampp\htdocs\itemSystem3A\app\Models\UsersModel.php(14): CodeIgniter\Model->insert(Array)
#8 C:\xampp\htdocs\itemSystem3A\app\Controllers\RegistrationController.php(26): App\Models\UsersModel->registerUser(Array)
#9 C:\xampp\htdocs\itemSystem3A\system\CodeIgniter.php(933): App\Controllers\RegistrationController->create()
#10 C:\xampp\htdocs\itemSystem3A\system\CodeIgniter.php(507): CodeIgniter\CodeIgniter->runController(Object(App\Controllers\RegistrationController))
#11 C:\xampp\htdocs\itemSystem3A\system\CodeIgniter.php(354): CodeIgniter\CodeIgniter->handleRequest(NULL, Object(Config\Cache), false)
#12 C:\xampp\htdocs\itemSystem3A\system\Boot.php(363): CodeIgniter\CodeIgniter->run()
#13 C:\xampp\htdocs\itemSystem3A\system\Boot.php(68): CodeIgniter\Boot::runCodeIgniter(Object(CodeIgniter\CodeIgniter))
#14 C:\xampp\htdocs\itemSystem3A\public\index.php(59): CodeIgniter\Boot::bootWeb(Object(Config\Paths))
#15 C:\xampp\htdocs\itemSystem3A\system\rewrite.php(44): require_once('C:\\xampp\\htdocs...')
#16 {main}

Next CodeIgniter\Database\Exceptions\DatabaseException: Unknown database 'itemsystem3a' in C:\xampp\htdocs\itemSystem3A\system\Database\MySQLi\Connection.php:246
Stack trace:
#0 C:\xampp\htdocs\itemSystem3A\system\Database\BaseConnection.php(419): CodeIgniter\Database\MySQLi\Connection->connect(false)
#1 C:\xampp\htdocs\itemSystem3A\system\Database\BaseConnection.php(614): CodeIgniter\Database\BaseConnection->initialize()
#2 C:\xampp\htdocs\itemSystem3A\system\Database\BaseBuilder.php(2345): CodeIgniter\Database\BaseConnection->query('INSERT INTO `us...', Array, false)
#3 C:\xampp\htdocs\itemSystem3A\system\Model.php(394): CodeIgniter\Database\BaseBuilder->insert()
#4 C:\xampp\htdocs\itemSystem3A\system\BaseModel.php(838): CodeIgniter\Model->doInsert(Array)
#5 C:\xampp\htdocs\itemSystem3A\system\Model.php(797): CodeIgniter\BaseModel->insert(Array, true)
#6 C:\xampp\htdocs\itemSystem3A\app\Models\UsersModel.php(14): CodeIgniter\Model->insert(Array)
#7 C:\xampp\htdocs\itemSystem3A\app\Controllers\RegistrationController.php(26): App\Models\UsersModel->registerUser(Array)
#8 C:\xampp\htdocs\itemSystem3A\system\CodeIgniter.php(933): App\Controllers\RegistrationController->create()
#9 C:\xampp\htdocs\itemSystem3A\system\CodeIgniter.php(507): CodeIgniter\CodeIgniter->runController(Object(App\Controllers\RegistrationController))
#10 C:\xampp\htdocs\itemSystem3A\system\CodeIgniter.php(354): CodeIgniter\CodeIgniter->handleRequest(NULL, Object(Config\Cache), false)
#11 C:\xampp\htdocs\itemSystem3A\system\Boot.php(363): CodeIgniter\CodeIgniter->run()
#12 C:\xampp\htdocs\itemSystem3A\system\Boot.php(68): CodeIgniter\Boot::runCodeIgniter(Object(CodeIgniter\CodeIgniter))
#13 C:\xampp\htdocs\itemSystem3A\public\index.php(59): CodeIgniter\Boot::bootWeb(Object(Config\Paths))
#14 C:\xampp\htdocs\itemSystem3A\system\rewrite.php(44): require_once('C:\\xampp\\htdocs...')
#15 {main}
CRITICAL - 2025-10-08 12:03:19 --> CodeIgniter\Database\Exceptions\DatabaseException: Unable to connect to the database.
Main connection [MySQLi]: Unknown database 'itemsystem3a'
[Method: POST, Route: register]
in SYSTEMPATH\Database\BaseConnection.php on line 465.
 1 SYSTEMPATH\Database\BaseConnection.php(614): CodeIgniter\Database\BaseConnection->initialize()
 2 SYSTEMPATH\Database\BaseBuilder.php(2345): CodeIgniter\Database\BaseConnection->query('INSERT INTO `users` (`fname`, `lname`, `username`, `password`) VALUES (:fname:, :lname:, :username:, :password:)', [...], false)
 3 SYSTEMPATH\Model.php(394): CodeIgniter\Database\BaseBuilder->insert()
 4 SYSTEMPATH\BaseModel.php(838): CodeIgniter\Model->doInsert([...])
 5 SYSTEMPATH\Model.php(797): CodeIgniter\BaseModel->insert([...], true)
 6 APPPATH\Models\UsersModel.php(14): CodeIgniter\Model->insert([...])
 7 APPPATH\Controllers\RegistrationController.php(26): App\Models\UsersModel->registerUser([...])
 8 SYSTEMPATH\CodeIgniter.php(933): App\Controllers\RegistrationController->create()
 9 SYSTEMPATH\CodeIgniter.php(507): CodeIgniter\CodeIgniter->runController(Object(App\Controllers\RegistrationController))
10 SYSTEMPATH\CodeIgniter.php(354): CodeIgniter\CodeIgniter->handleRequest(null, Object(Config\Cache), false)
11 SYSTEMPATH\Boot.php(363): CodeIgniter\CodeIgniter->run()
12 SYSTEMPATH\Boot.php(68): CodeIgniter\Boot::runCodeIgniter(Object(CodeIgniter\CodeIgniter))
13 FCPATH\index.php(59): CodeIgniter\Boot::bootWeb(Object(Config\Paths))
14 SYSTEMPATH\rewrite.php(44): require_once('C:\\xampp\\htdocs\\itemSystem3A\\public\\index.php')
ERROR - 2025-10-08 12:05:05 --> Error connecting to the database: mysqli_sql_exception: Unknown database 'itemsystem3a' in C:\xampp\htdocs\itemSystem3A\system\Database\MySQLi\Connection.php:201
Stack trace:
#0 C:\xampp\htdocs\itemSystem3A\system\Database\MySQLi\Connection.php(201): mysqli->real_connect('localhost', 'root', Object(SensitiveParameterValue), 'itemsystem3a', 3306, '', 0)
#1 C:\xampp\htdocs\itemSystem3A\system\Database\BaseConnection.php(419): CodeIgniter\Database\MySQLi\Connection->connect(false)
#2 C:\xampp\htdocs\itemSystem3A\system\Database\BaseConnection.php(614): CodeIgniter\Database\BaseConnection->initialize()
#3 C:\xampp\htdocs\itemSystem3A\system\Database\BaseBuilder.php(2345): CodeIgniter\Database\BaseConnection->query('INSERT INTO `us...', Array, false)
#4 C:\xampp\htdocs\itemSystem3A\system\Model.php(394): CodeIgniter\Database\BaseBuilder->insert()
#5 C:\xampp\htdocs\itemSystem3A\system\BaseModel.php(838): CodeIgniter\Model->doInsert(Array)
#6 C:\xampp\htdocs\itemSystem3A\system\Model.php(797): CodeIgniter\BaseModel->insert(Array, true)
#7 C:\xampp\htdocs\itemSystem3A\app\Models\UsersModel.php(14): CodeIgniter\Model->insert(Array)
#8 C:\xampp\htdocs\itemSystem3A\app\Controllers\RegistrationController.php(26): App\Models\UsersModel->registerUser(Array)
#9 C:\xampp\htdocs\itemSystem3A\system\CodeIgniter.php(933): App\Controllers\RegistrationController->create()
#10 C:\xampp\htdocs\itemSystem3A\system\CodeIgniter.php(507): CodeIgniter\CodeIgniter->runController(Object(App\Controllers\RegistrationController))
#11 C:\xampp\htdocs\itemSystem3A\system\CodeIgniter.php(354): CodeIgniter\CodeIgniter->handleRequest(NULL, Object(Config\Cache), false)
#12 C:\xampp\htdocs\itemSystem3A\system\Boot.php(363): CodeIgniter\CodeIgniter->run()
#13 C:\xampp\htdocs\itemSystem3A\system\Boot.php(68): CodeIgniter\Boot::runCodeIgniter(Object(CodeIgniter\CodeIgniter))
#14 C:\xampp\htdocs\itemSystem3A\public\index.php(59): CodeIgniter\Boot::bootWeb(Object(Config\Paths))
#15 C:\xampp\htdocs\itemSystem3A\system\rewrite.php(44): require_once('C:\\xampp\\htdocs...')
#16 {main}

Next CodeIgniter\Database\Exceptions\DatabaseException: Unknown database 'itemsystem3a' in C:\xampp\htdocs\itemSystem3A\system\Database\MySQLi\Connection.php:246
Stack trace:
#0 C:\xampp\htdocs\itemSystem3A\system\Database\BaseConnection.php(419): CodeIgniter\Database\MySQLi\Connection->connect(false)
#1 C:\xampp\htdocs\itemSystem3A\system\Database\BaseConnection.php(614): CodeIgniter\Database\BaseConnection->initialize()
#2 C:\xampp\htdocs\itemSystem3A\system\Database\BaseBuilder.php(2345): CodeIgniter\Database\BaseConnection->query('INSERT INTO `us...', Array, false)
#3 C:\xampp\htdocs\itemSystem3A\system\Model.php(394): CodeIgniter\Database\BaseBuilder->insert()
#4 C:\xampp\htdocs\itemSystem3A\system\BaseModel.php(838): CodeIgniter\Model->doInsert(Array)
#5 C:\xampp\htdocs\itemSystem3A\system\Model.php(797): CodeIgniter\BaseModel->insert(Array, true)
#6 C:\xampp\htdocs\itemSystem3A\app\Models\UsersModel.php(14): CodeIgniter\Model->insert(Array)
#7 C:\xampp\htdocs\itemSystem3A\app\Controllers\RegistrationController.php(26): App\Models\UsersModel->registerUser(Array)
#8 C:\xampp\htdocs\itemSystem3A\system\CodeIgniter.php(933): App\Controllers\RegistrationController->create()
#9 C:\xampp\htdocs\itemSystem3A\system\CodeIgniter.php(507): CodeIgniter\CodeIgniter->runController(Object(App\Controllers\RegistrationController))
#10 C:\xampp\htdocs\itemSystem3A\system\CodeIgniter.php(354): CodeIgniter\CodeIgniter->handleRequest(NULL, Object(Config\Cache), false)
#11 C:\xampp\htdocs\itemSystem3A\system\Boot.php(363): CodeIgniter\CodeIgniter->run()
#12 C:\xampp\htdocs\itemSystem3A\system\Boot.php(68): CodeIgniter\Boot::runCodeIgniter(Object(CodeIgniter\CodeIgniter))
#13 C:\xampp\htdocs\itemSystem3A\public\index.php(59): CodeIgniter\Boot::bootWeb(Object(Config\Paths))
#14 C:\xampp\htdocs\itemSystem3A\system\rewrite.php(44): require_once('C:\\xampp\\htdocs...')
#15 {main}
CRITICAL - 2025-10-08 12:05:05 --> CodeIgniter\Database\Exceptions\DatabaseException: Unable to connect to the database.
Main connection [MySQLi]: Unknown database 'itemsystem3a'
[Method: POST, Route: register]
in SYSTEMPATH\Database\BaseConnection.php on line 465.
 1 SYSTEMPATH\Database\BaseConnection.php(614): CodeIgniter\Database\BaseConnection->initialize()
 2 SYSTEMPATH\Database\BaseBuilder.php(2345): CodeIgniter\Database\BaseConnection->query('INSERT INTO `users` (`fname`, `lname`, `username`, `password`) VALUES (:fname:, :lname:, :username:, :password:)', [...], false)
 3 SYSTEMPATH\Model.php(394): CodeIgniter\Database\BaseBuilder->insert()
 4 SYSTEMPATH\BaseModel.php(838): CodeIgniter\Model->doInsert([...])
 5 SYSTEMPATH\Model.php(797): CodeIgniter\BaseModel->insert([...], true)
 6 APPPATH\Models\UsersModel.php(14): CodeIgniter\Model->insert([...])
 7 APPPATH\Controllers\RegistrationController.php(26): App\Models\UsersModel->registerUser([...])
 8 SYSTEMPATH\CodeIgniter.php(933): App\Controllers\RegistrationController->create()
 9 SYSTEMPATH\CodeIgniter.php(507): CodeIgniter\CodeIgniter->runController(Object(App\Controllers\RegistrationController))
10 SYSTEMPATH\CodeIgniter.php(354): CodeIgniter\CodeIgniter->handleRequest(null, Object(Config\Cache), false)
11 SYSTEMPATH\Boot.php(363): CodeIgniter\CodeIgniter->run()
12 SYSTEMPATH\Boot.php(68): CodeIgniter\Boot::runCodeIgniter(Object(CodeIgniter\CodeIgniter))
13 FCPATH\index.php(59): CodeIgniter\Boot::bootWeb(Object(Config\Paths))
14 SYSTEMPATH\rewrite.php(44): require_once('C:\\xampp\\htdocs\\itemSystem3A\\public\\index.php')
ERROR - 2025-10-08 12:06:10 --> Error connecting to the database: mysqli_sql_exception: Unknown database 'itemsystem3a' in C:\xampp\htdocs\itemSystem3A\system\Database\MySQLi\Connection.php:201
Stack trace:
#0 C:\xampp\htdocs\itemSystem3A\system\Database\MySQLi\Connection.php(201): mysqli->real_connect('localhost', 'root', Object(SensitiveParameterValue), 'itemsystem3a', 3306, '', 0)
#1 C:\xampp\htdocs\itemSystem3A\system\Database\BaseConnection.php(419): CodeIgniter\Database\MySQLi\Connection->connect(false)
#2 C:\xampp\htdocs\itemSystem3A\system\Database\BaseConnection.php(614): CodeIgniter\Database\BaseConnection->initialize()
#3 C:\xampp\htdocs\itemSystem3A\system\Database\BaseBuilder.php(2345): CodeIgniter\Database\BaseConnection->query('INSERT INTO `us...', Array, false)
#4 C:\xampp\htdocs\itemSystem3A\system\Model.php(394): CodeIgniter\Database\BaseBuilder->insert()
#5 C:\xampp\htdocs\itemSystem3A\system\BaseModel.php(838): CodeIgniter\Model->doInsert(Array)
#6 C:\xampp\htdocs\itemSystem3A\system\Model.php(797): CodeIgniter\BaseModel->insert(Array, true)
#7 C:\xampp\htdocs\itemSystem3A\app\Models\UsersModel.php(14): CodeIgniter\Model->insert(Array)
#8 C:\xampp\htdocs\itemSystem3A\app\Controllers\RegistrationController.php(26): App\Models\UsersModel->registerUser(Array)
#9 C:\xampp\htdocs\itemSystem3A\system\CodeIgniter.php(933): App\Controllers\RegistrationController->create()
#10 C:\xampp\htdocs\itemSystem3A\system\CodeIgniter.php(507): CodeIgniter\CodeIgniter->runController(Object(App\Controllers\RegistrationController))
#11 C:\xampp\htdocs\itemSystem3A\system\CodeIgniter.php(354): CodeIgniter\CodeIgniter->handleRequest(NULL, Object(Config\Cache), false)
#12 C:\xampp\htdocs\itemSystem3A\system\Boot.php(363): CodeIgniter\CodeIgniter->run()
#13 C:\xampp\htdocs\itemSystem3A\system\Boot.php(68): CodeIgniter\Boot::runCodeIgniter(Object(CodeIgniter\CodeIgniter))
#14 C:\xampp\htdocs\itemSystem3A\public\index.php(59): CodeIgniter\Boot::bootWeb(Object(Config\Paths))
#15 C:\xampp\htdocs\itemSystem3A\system\rewrite.php(44): require_once('C:\\xampp\\htdocs...')
#16 {main}

Next CodeIgniter\Database\Exceptions\DatabaseException: Unknown database 'itemsystem3a' in C:\xampp\htdocs\itemSystem3A\system\Database\MySQLi\Connection.php:246
Stack trace:
#0 C:\xampp\htdocs\itemSystem3A\system\Database\BaseConnection.php(419): CodeIgniter\Database\MySQLi\Connection->connect(false)
#1 C:\xampp\htdocs\itemSystem3A\system\Database\BaseConnection.php(614): CodeIgniter\Database\BaseConnection->initialize()
#2 C:\xampp\htdocs\itemSystem3A\system\Database\BaseBuilder.php(2345): CodeIgniter\Database\BaseConnection->query('INSERT INTO `us...', Array, false)
#3 C:\xampp\htdocs\itemSystem3A\system\Model.php(394): CodeIgniter\Database\BaseBuilder->insert()
#4 C:\xampp\htdocs\itemSystem3A\system\BaseModel.php(838): CodeIgniter\Model->doInsert(Array)
#5 C:\xampp\htdocs\itemSystem3A\system\Model.php(797): CodeIgniter\BaseModel->insert(Array, true)
#6 C:\xampp\htdocs\itemSystem3A\app\Models\UsersModel.php(14): CodeIgniter\Model->insert(Array)
#7 C:\xampp\htdocs\itemSystem3A\app\Controllers\RegistrationController.php(26): App\Models\UsersModel->registerUser(Array)
#8 C:\xampp\htdocs\itemSystem3A\system\CodeIgniter.php(933): App\Controllers\RegistrationController->create()
#9 C:\xampp\htdocs\itemSystem3A\system\CodeIgniter.php(507): CodeIgniter\CodeIgniter->runController(Object(App\Controllers\RegistrationController))
#10 C:\xampp\htdocs\itemSystem3A\system\CodeIgniter.php(354): CodeIgniter\CodeIgniter->handleRequest(NULL, Object(Config\Cache), false)
#11 C:\xampp\htdocs\itemSystem3A\system\Boot.php(363): CodeIgniter\CodeIgniter->run()
#12 C:\xampp\htdocs\itemSystem3A\system\Boot.php(68): CodeIgniter\Boot::runCodeIgniter(Object(CodeIgniter\CodeIgniter))
#13 C:\xampp\htdocs\itemSystem3A\public\index.php(59): CodeIgniter\Boot::bootWeb(Object(Config\Paths))
#14 C:\xampp\htdocs\itemSystem3A\system\rewrite.php(44): require_once('C:\\xampp\\htdocs...')
#15 {main}
CRITICAL - 2025-10-08 12:06:10 --> CodeIgniter\Database\Exceptions\DatabaseException: Unable to connect to the database.
Main connection [MySQLi]: Unknown database 'itemsystem3a'
[Method: POST, Route: register]
in SYSTEMPATH\Database\BaseConnection.php on line 465.
 1 SYSTEMPATH\Database\BaseConnection.php(614): CodeIgniter\Database\BaseConnection->initialize()
 2 SYSTEMPATH\Database\BaseBuilder.php(2345): CodeIgniter\Database\BaseConnection->query('INSERT INTO `users` (`fname`, `lname`, `username`, `password`) VALUES (:fname:, :lname:, :username:, :password:)', [...], false)
 3 SYSTEMPATH\Model.php(394): CodeIgniter\Database\BaseBuilder->insert()
 4 SYSTEMPATH\BaseModel.php(838): CodeIgniter\Model->doInsert([...])
 5 SYSTEMPATH\Model.php(797): CodeIgniter\BaseModel->insert([...], true)
 6 APPPATH\Models\UsersModel.php(14): CodeIgniter\Model->insert([...])
 7 APPPATH\Controllers\RegistrationController.php(26): App\Models\UsersModel->registerUser([...])
 8 SYSTEMPATH\CodeIgniter.php(933): App\Controllers\RegistrationController->create()
 9 SYSTEMPATH\CodeIgniter.php(507): CodeIgniter\CodeIgniter->runController(Object(App\Controllers\RegistrationController))
10 SYSTEMPATH\CodeIgniter.php(354): CodeIgniter\CodeIgniter->handleRequest(null, Object(Config\Cache), false)
11 SYSTEMPATH\Boot.php(363): CodeIgniter\CodeIgniter->run()
12 SYSTEMPATH\Boot.php(68): CodeIgniter\Boot::runCodeIgniter(Object(CodeIgniter\CodeIgniter))
13 FCPATH\index.php(59): CodeIgniter\Boot::bootWeb(Object(Config\Paths))
14 SYSTEMPATH\rewrite.php(44): require_once('C:\\xampp\\htdocs\\itemSystem3A\\public\\index.php')
ERROR - 2025-10-08 12:06:16 --> Error connecting to the database: mysqli_sql_exception: Unknown database 'itemsystem3a' in C:\xampp\htdocs\itemSystem3A\system\Database\MySQLi\Connection.php:201
Stack trace:
#0 C:\xampp\htdocs\itemSystem3A\system\Database\MySQLi\Connection.php(201): mysqli->real_connect('localhost', 'root', Object(SensitiveParameterValue), 'itemsystem3a', 3306, '', 0)
#1 C:\xampp\htdocs\itemSystem3A\system\Database\BaseConnection.php(419): CodeIgniter\Database\MySQLi\Connection->connect(false)
#2 C:\xampp\htdocs\itemSystem3A\system\Database\BaseConnection.php(614): CodeIgniter\Database\BaseConnection->initialize()
#3 C:\xampp\htdocs\itemSystem3A\system\Database\BaseBuilder.php(2345): CodeIgniter\Database\BaseConnection->query('INSERT INTO `us...', Array, false)
#4 C:\xampp\htdocs\itemSystem3A\system\Model.php(394): CodeIgniter\Database\BaseBuilder->insert()
#5 C:\xampp\htdocs\itemSystem3A\system\BaseModel.php(838): CodeIgniter\Model->doInsert(Array)
#6 C:\xampp\htdocs\itemSystem3A\system\Model.php(797): CodeIgniter\BaseModel->insert(Array, true)
#7 C:\xampp\htdocs\itemSystem3A\app\Models\UsersModel.php(14): CodeIgniter\Model->insert(Array)
#8 C:\xampp\htdocs\itemSystem3A\app\Controllers\RegistrationController.php(26): App\Models\UsersModel->registerUser(Array)
#9 C:\xampp\htdocs\itemSystem3A\system\CodeIgniter.php(933): App\Controllers\RegistrationController->create()
#10 C:\xampp\htdocs\itemSystem3A\system\CodeIgniter.php(507): CodeIgniter\CodeIgniter->runController(Object(App\Controllers\RegistrationController))
#11 C:\xampp\htdocs\itemSystem3A\system\CodeIgniter.php(354): CodeIgniter\CodeIgniter->handleRequest(NULL, Object(Config\Cache), false)
#12 C:\xampp\htdocs\itemSystem3A\system\Boot.php(363): CodeIgniter\CodeIgniter->run()
#13 C:\xampp\htdocs\itemSystem3A\system\Boot.php(68): CodeIgniter\Boot::runCodeIgniter(Object(CodeIgniter\CodeIgniter))
#14 C:\xampp\htdocs\itemSystem3A\public\index.php(59): CodeIgniter\Boot::bootWeb(Object(Config\Paths))
#15 C:\xampp\htdocs\itemSystem3A\system\rewrite.php(44): require_once('C:\\xampp\\htdocs...')
#16 {main}

Next CodeIgniter\Database\Exceptions\DatabaseException: Unknown database 'itemsystem3a' in C:\xampp\htdocs\itemSystem3A\system\Database\MySQLi\Connection.php:246
Stack trace:
#0 C:\xampp\htdocs\itemSystem3A\system\Database\BaseConnection.php(419): CodeIgniter\Database\MySQLi\Connection->connect(false)
#1 C:\xampp\htdocs\itemSystem3A\system\Database\BaseConnection.php(614): CodeIgniter\Database\BaseConnection->initialize()
#2 C:\xampp\htdocs\itemSystem3A\system\Database\BaseBuilder.php(2345): CodeIgniter\Database\BaseConnection->query('INSERT INTO `us...', Array, false)
#3 C:\xampp\htdocs\itemSystem3A\system\Model.php(394): CodeIgniter\Database\BaseBuilder->insert()
#4 C:\xampp\htdocs\itemSystem3A\system\BaseModel.php(838): CodeIgniter\Model->doInsert(Array)
#5 C:\xampp\htdocs\itemSystem3A\system\Model.php(797): CodeIgniter\BaseModel->insert(Array, true)
#6 C:\xampp\htdocs\itemSystem3A\app\Models\UsersModel.php(14): CodeIgniter\Model->insert(Array)
#7 C:\xampp\htdocs\itemSystem3A\app\Controllers\RegistrationController.php(26): App\Models\UsersModel->registerUser(Array)
#8 C:\xampp\htdocs\itemSystem3A\system\CodeIgniter.php(933): App\Controllers\RegistrationController->create()
#9 C:\xampp\htdocs\itemSystem3A\system\CodeIgniter.php(507): CodeIgniter\CodeIgniter->runController(Object(App\Controllers\RegistrationController))
#10 C:\xampp\htdocs\itemSystem3A\system\CodeIgniter.php(354): CodeIgniter\CodeIgniter->handleRequest(NULL, Object(Config\Cache), false)
#11 C:\xampp\htdocs\itemSystem3A\system\Boot.php(363): CodeIgniter\CodeIgniter->run()
#12 C:\xampp\htdocs\itemSystem3A\system\Boot.php(68): CodeIgniter\Boot::runCodeIgniter(Object(CodeIgniter\CodeIgniter))
#13 C:\xampp\htdocs\itemSystem3A\public\index.php(59): CodeIgniter\Boot::bootWeb(Object(Config\Paths))
#14 C:\xampp\htdocs\itemSystem3A\system\rewrite.php(44): require_once('C:\\xampp\\htdocs...')
#15 {main}
CRITICAL - 2025-10-08 12:06:16 --> CodeIgniter\Database\Exceptions\DatabaseException: Unable to connect to the database.
Main connection [MySQLi]: Unknown database 'itemsystem3a'
[Method: POST, Route: register]
in SYSTEMPATH\Database\BaseConnection.php on line 465.
 1 SYSTEMPATH\Database\BaseConnection.php(614): CodeIgniter\Database\BaseConnection->initialize()
 2 SYSTEMPATH\Database\BaseBuilder.php(2345): CodeIgniter\Database\BaseConnection->query('INSERT INTO `users` (`fname`, `lname`, `username`, `password`) VALUES (:fname:, :lname:, :username:, :password:)', [...], false)
 3 SYSTEMPATH\Model.php(394): CodeIgniter\Database\BaseBuilder->insert()
 4 SYSTEMPATH\BaseModel.php(838): CodeIgniter\Model->doInsert([...])
 5 SYSTEMPATH\Model.php(797): CodeIgniter\BaseModel->insert([...], true)
 6 APPPATH\Models\UsersModel.php(14): CodeIgniter\Model->insert([...])
 7 APPPATH\Controllers\RegistrationController.php(26): App\Models\UsersModel->registerUser([...])
 8 SYSTEMPATH\CodeIgniter.php(933): App\Controllers\RegistrationController->create()
 9 SYSTEMPATH\CodeIgniter.php(507): CodeIgniter\CodeIgniter->runController(Object(App\Controllers\RegistrationController))
10 SYSTEMPATH\CodeIgniter.php(354): CodeIgniter\CodeIgniter->handleRequest(null, Object(Config\Cache), false)
11 SYSTEMPATH\Boot.php(363): CodeIgniter\CodeIgniter->run()
12 SYSTEMPATH\Boot.php(68): CodeIgniter\Boot::runCodeIgniter(Object(CodeIgniter\CodeIgniter))
13 FCPATH\index.php(59): CodeIgniter\Boot::bootWeb(Object(Config\Paths))
14 SYSTEMPATH\rewrite.php(44): require_once('C:\\xampp\\htdocs\\itemSystem3A\\public\\index.php')
ERROR - 2025-10-08 12:07:35 --> mysqli_sql_exception: Column 'fname' cannot be null in C:\xampp\htdocs\itemSystem3A\system\Database\MySQLi\Connection.php:327
Stack trace:
#0 C:\xampp\htdocs\itemSystem3A\system\Database\MySQLi\Connection.php(327): mysqli->query('INSERT INTO `us...', 0)
#1 C:\xampp\htdocs\itemSystem3A\system\Database\BaseConnection.php(729): CodeIgniter\Database\MySQLi\Connection->execute('INSERT INTO `us...')
#2 C:\xampp\htdocs\itemSystem3A\system\Database\BaseConnection.php(646): CodeIgniter\Database\BaseConnection->simpleQuery('INSERT INTO `us...')
#3 C:\xampp\htdocs\itemSystem3A\system\Database\BaseBuilder.php(2345): CodeIgniter\Database\BaseConnection->query('INSERT INTO `us...', Array, false)
#4 C:\xampp\htdocs\itemSystem3A\system\Model.php(394): CodeIgniter\Database\BaseBuilder->insert()
#5 C:\xampp\htdocs\itemSystem3A\system\BaseModel.php(838): CodeIgniter\Model->doInsert(Array)
#6 C:\xampp\htdocs\itemSystem3A\system\Model.php(797): CodeIgniter\BaseModel->insert(Array, true)
#7 C:\xampp\htdocs\itemSystem3A\app\Models\UsersModel.php(14): CodeIgniter\Model->insert(Array)
#8 C:\xampp\htdocs\itemSystem3A\app\Controllers\RegistrationController.php(26): App\Models\UsersModel->registerUser(Array)
#9 C:\xampp\htdocs\itemSystem3A\system\CodeIgniter.php(933): App\Controllers\RegistrationController->create()
#10 C:\xampp\htdocs\itemSystem3A\system\CodeIgniter.php(507): CodeIgniter\CodeIgniter->runController(Object(App\Controllers\RegistrationController))
#11 C:\xampp\htdocs\itemSystem3A\system\CodeIgniter.php(354): CodeIgniter\CodeIgniter->handleRequest(NULL, Object(Config\Cache), false)
#12 C:\xampp\htdocs\itemSystem3A\system\Boot.php(363): CodeIgniter\CodeIgniter->run()
#13 C:\xampp\htdocs\itemSystem3A\system\Boot.php(68): CodeIgniter\Boot::runCodeIgniter(Object(CodeIgniter\CodeIgniter))
#14 C:\xampp\htdocs\itemSystem3A\public\index.php(59): CodeIgniter\Boot::bootWeb(Object(Config\Paths))
#15 C:\xampp\htdocs\itemSystem3A\system\rewrite.php(44): require_once('C:\\xampp\\htdocs...')
#16 {main}
CRITICAL - 2025-10-08 12:07:35 --> CodeIgniter\Database\Exceptions\DatabaseException: Column 'fname' cannot be null
[Method: POST, Route: register]
in SYSTEMPATH\Database\BaseConnection.php on line 684.
 1 SYSTEMPATH\Database\BaseBuilder.php(2345): CodeIgniter\Database\BaseConnection->query('INSERT INTO `users` (`fname`, `lname`, `username`, `password`) VALUES (:fname:, :lname:, :username:, :password:)', [...], false)
 2 SYSTEMPATH\Model.php(394): CodeIgniter\Database\BaseBuilder->insert()
 3 SYSTEMPATH\BaseModel.php(838): CodeIgniter\Model->doInsert([...])
 4 SYSTEMPATH\Model.php(797): CodeIgniter\BaseModel->insert([...], true)
 5 APPPATH\Models\UsersModel.php(14): CodeIgniter\Model->insert([...])
 6 APPPATH\Controllers\RegistrationController.php(26): App\Models\UsersModel->registerUser([...])
 7 SYSTEMPATH\CodeIgniter.php(933): App\Controllers\RegistrationController->create()
 8 SYSTEMPATH\CodeIgniter.php(507): CodeIgniter\CodeIgniter->runController(Object(App\Controllers\RegistrationController))
 9 SYSTEMPATH\CodeIgniter.php(354): CodeIgniter\CodeIgniter->handleRequest(null, Object(Config\Cache), false)
10 SYSTEMPATH\Boot.php(363): CodeIgniter\CodeIgniter->run()
11 SYSTEMPATH\Boot.php(68): CodeIgniter\Boot::runCodeIgniter(Object(CodeIgniter\CodeIgniter))
12 FCPATH\index.php(59): CodeIgniter\Boot::bootWeb(Object(Config\Paths))
13 SYSTEMPATH\rewrite.php(44): require_once('C:\\xampp\\htdocs\\itemSystem3A\\public\\index.php')
CRITICAL - 2025-10-08 12:07:35 --> [Caused by] CodeIgniter\Database\Exceptions\DatabaseException: Column 'fname' cannot be null
in SYSTEMPATH\Database\MySQLi\Connection.php on line 332.
 1 SYSTEMPATH\Database\BaseConnection.php(729): CodeIgniter\Database\MySQLi\Connection->execute('INSERT INTO `users` (`fname`, `lname`, `username`, `password`) VALUES (NULL, NULL, \'eunjyc\', \'123123123\')')
 2 SYSTEMPATH\Database\BaseConnection.php(646): CodeIgniter\Database\BaseConnection->simpleQuery('INSERT INTO `users` (`fname`, `lname`, `username`, `password`) VALUES (NULL, NULL, \'eunjyc\', \'123123123\')')
 3 SYSTEMPATH\Database\BaseBuilder.php(2345): CodeIgniter\Database\BaseConnection->query('INSERT INTO `users` (`fname`, `lname`, `username`, `password`) VALUES (:fname:, :lname:, :username:, :password:)', [...], false)
 4 SYSTEMPATH\Model.php(394): CodeIgniter\Database\BaseBuilder->insert()
 5 SYSTEMPATH\BaseModel.php(838): CodeIgniter\Model->doInsert([...])
 6 SYSTEMPATH\Model.php(797): CodeIgniter\BaseModel->insert([...], true)
 7 APPPATH\Models\UsersModel.php(14): CodeIgniter\Model->insert([...])
 8 APPPATH\Controllers\RegistrationController.php(26): App\Models\UsersModel->registerUser([...])
 9 SYSTEMPATH\CodeIgniter.php(933): App\Controllers\RegistrationController->create()
10 SYSTEMPATH\CodeIgniter.php(507): CodeIgniter\CodeIgniter->runController(Object(App\Controllers\RegistrationController))
11 SYSTEMPATH\CodeIgniter.php(354): CodeIgniter\CodeIgniter->handleRequest(null, Object(Config\Cache), false)
12 SYSTEMPATH\Boot.php(363): CodeIgniter\CodeIgniter->run()
13 SYSTEMPATH\Boot.php(68): CodeIgniter\Boot::runCodeIgniter(Object(CodeIgniter\CodeIgniter))
14 FCPATH\index.php(59): CodeIgniter\Boot::bootWeb(Object(Config\Paths))
15 SYSTEMPATH\rewrite.php(44): require_once('C:\\xampp\\htdocs\\itemSystem3A\\public\\index.php')
CRITICAL - 2025-10-08 12:07:35 --> [Caused by] mysqli_sql_exception: Column 'fname' cannot be null
in SYSTEMPATH\Database\MySQLi\Connection.php on line 327.
 1 SYSTEMPATH\Database\MySQLi\Connection.php(327): mysqli->query('INSERT INTO `users` (`fname`, `lname`, `username`, `password`) VALUES (NULL, NULL, \'eunjyc\', \'123123123\')', 0)
 2 SYSTEMPATH\Database\BaseConnection.php(729): CodeIgniter\Database\MySQLi\Connection->execute('INSERT INTO `users` (`fname`, `lname`, `username`, `password`) VALUES (NULL, NULL, \'eunjyc\', \'123123123\')')
 3 SYSTEMPATH\Database\BaseConnection.php(646): CodeIgniter\Database\BaseConnection->simpleQuery('INSERT INTO `users` (`fname`, `lname`, `username`, `password`) VALUES (NULL, NULL, \'eunjyc\', \'123123123\')')
 4 SYSTEMPATH\Database\BaseBuilder.php(2345): CodeIgniter\Database\BaseConnection->query('INSERT INTO `users` (`fname`, `lname`, `username`, `password`) VALUES (:fname:, :lname:, :username:, :password:)', [...], false)
 5 SYSTEMPATH\Model.php(394): CodeIgniter\Database\BaseBuilder->insert()
 6 SYSTEMPATH\BaseModel.php(838): CodeIgniter\Model->doInsert([...])
 7 SYSTEMPATH\Model.php(797): CodeIgniter\BaseModel->insert([...], true)
 8 APPPATH\Models\UsersModel.php(14): CodeIgniter\Model->insert([...])
 9 APPPATH\Controllers\RegistrationController.php(26): App\Models\UsersModel->registerUser([...])
10 SYSTEMPATH\CodeIgniter.php(933): App\Controllers\RegistrationController->create()
11 SYSTEMPATH\CodeIgniter.php(507): CodeIgniter\CodeIgniter->runController(Object(App\Controllers\RegistrationController))
12 SYSTEMPATH\CodeIgniter.php(354): CodeIgniter\CodeIgniter->handleRequest(null, Object(Config\Cache), false)
13 SYSTEMPATH\Boot.php(363): CodeIgniter\CodeIgniter->run()
14 SYSTEMPATH\Boot.php(68): CodeIgniter\Boot::runCodeIgniter(Object(CodeIgniter\CodeIgniter))
15 FCPATH\index.php(59): CodeIgniter\Boot::bootWeb(Object(Config\Paths))
16 SYSTEMPATH\rewrite.php(44): require_once('C:\\xampp\\htdocs\\itemSystem3A\\public\\index.php')
ERROR - 2025-10-08 12:08:19 --> mysqli_sql_exception: Column 'fname' cannot be null in C:\xampp\htdocs\itemSystem3A\system\Database\MySQLi\Connection.php:327
Stack trace:
#0 C:\xampp\htdocs\itemSystem3A\system\Database\MySQLi\Connection.php(327): mysqli->query('INSERT INTO `us...', 0)
#1 C:\xampp\htdocs\itemSystem3A\system\Database\BaseConnection.php(729): CodeIgniter\Database\MySQLi\Connection->execute('INSERT INTO `us...')
#2 C:\xampp\htdocs\itemSystem3A\system\Database\BaseConnection.php(646): CodeIgniter\Database\BaseConnection->simpleQuery('INSERT INTO `us...')
#3 C:\xampp\htdocs\itemSystem3A\system\Database\BaseBuilder.php(2345): CodeIgniter\Database\BaseConnection->query('INSERT INTO `us...', Array, false)
#4 C:\xampp\htdocs\itemSystem3A\system\Model.php(394): CodeIgniter\Database\BaseBuilder->insert()
#5 C:\xampp\htdocs\itemSystem3A\system\BaseModel.php(838): CodeIgniter\Model->doInsert(Array)
#6 C:\xampp\htdocs\itemSystem3A\system\Model.php(797): CodeIgniter\BaseModel->insert(Array, true)
#7 C:\xampp\htdocs\itemSystem3A\app\Models\UsersModel.php(14): CodeIgniter\Model->insert(Array)
#8 C:\xampp\htdocs\itemSystem3A\app\Controllers\RegistrationController.php(26): App\Models\UsersModel->registerUser(Array)
#9 C:\xampp\htdocs\itemSystem3A\system\CodeIgniter.php(933): App\Controllers\RegistrationController->create()
#10 C:\xampp\htdocs\itemSystem3A\system\CodeIgniter.php(507): CodeIgniter\CodeIgniter->runController(Object(App\Controllers\RegistrationController))
#11 C:\xampp\htdocs\itemSystem3A\system\CodeIgniter.php(354): CodeIgniter\CodeIgniter->handleRequest(NULL, Object(Config\Cache), false)
#12 C:\xampp\htdocs\itemSystem3A\system\Boot.php(363): CodeIgniter\CodeIgniter->run()
#13 C:\xampp\htdocs\itemSystem3A\system\Boot.php(68): CodeIgniter\Boot::runCodeIgniter(Object(CodeIgniter\CodeIgniter))
#14 C:\xampp\htdocs\itemSystem3A\public\index.php(59): CodeIgniter\Boot::bootWeb(Object(Config\Paths))
#15 C:\xampp\htdocs\itemSystem3A\system\rewrite.php(44): require_once('C:\\xampp\\htdocs...')
#16 {main}
CRITICAL - 2025-10-08 12:08:19 --> CodeIgniter\Database\Exceptions\DatabaseException: Column 'fname' cannot be null
[Method: POST, Route: register]
in SYSTEMPATH\Database\BaseConnection.php on line 684.
 1 SYSTEMPATH\Database\BaseBuilder.php(2345): CodeIgniter\Database\BaseConnection->query('INSERT INTO `users` (`fname`, `lname`, `username`, `password`) VALUES (:fname:, :lname:, :username:, :password:)', [...], false)
 2 SYSTEMPATH\Model.php(394): CodeIgniter\Database\BaseBuilder->insert()
 3 SYSTEMPATH\BaseModel.php(838): CodeIgniter\Model->doInsert([...])
 4 SYSTEMPATH\Model.php(797): CodeIgniter\BaseModel->insert([...], true)
 5 APPPATH\Models\UsersModel.php(14): CodeIgniter\Model->insert([...])
 6 APPPATH\Controllers\RegistrationController.php(26): App\Models\UsersModel->registerUser([...])
 7 SYSTEMPATH\CodeIgniter.php(933): App\Controllers\RegistrationController->create()
 8 SYSTEMPATH\CodeIgniter.php(507): CodeIgniter\CodeIgniter->runController(Object(App\Controllers\RegistrationController))
 9 SYSTEMPATH\CodeIgniter.php(354): CodeIgniter\CodeIgniter->handleRequest(null, Object(Config\Cache), false)
10 SYSTEMPATH\Boot.php(363): CodeIgniter\CodeIgniter->run()
11 SYSTEMPATH\Boot.php(68): CodeIgniter\Boot::runCodeIgniter(Object(CodeIgniter\CodeIgniter))
12 FCPATH\index.php(59): CodeIgniter\Boot::bootWeb(Object(Config\Paths))
13 SYSTEMPATH\rewrite.php(44): require_once('C:\\xampp\\htdocs\\itemSystem3A\\public\\index.php')
CRITICAL - 2025-10-08 12:08:19 --> [Caused by] CodeIgniter\Database\Exceptions\DatabaseException: Column 'fname' cannot be null
in SYSTEMPATH\Database\MySQLi\Connection.php on line 332.
 1 SYSTEMPATH\Database\BaseConnection.php(729): CodeIgniter\Database\MySQLi\Connection->execute('INSERT INTO `users` (`fname`, `lname`, `username`, `password`) VALUES (NULL, NULL, \'eunjyc\', \'123123123\')')
 2 SYSTEMPATH\Database\BaseConnection.php(646): CodeIgniter\Database\BaseConnection->simpleQuery('INSERT INTO `users` (`fname`, `lname`, `username`, `password`) VALUES (NULL, NULL, \'eunjyc\', \'123123123\')')
 3 SYSTEMPATH\Database\BaseBuilder.php(2345): CodeIgniter\Database\BaseConnection->query('INSERT INTO `users` (`fname`, `lname`, `username`, `password`) VALUES (:fname:, :lname:, :username:, :password:)', [...], false)
 4 SYSTEMPATH\Model.php(394): CodeIgniter\Database\BaseBuilder->insert()
 5 SYSTEMPATH\BaseModel.php(838): CodeIgniter\Model->doInsert([...])
 6 SYSTEMPATH\Model.php(797): CodeIgniter\BaseModel->insert([...], true)
 7 APPPATH\Models\UsersModel.php(14): CodeIgniter\Model->insert([...])
 8 APPPATH\Controllers\RegistrationController.php(26): App\Models\UsersModel->registerUser([...])
 9 SYSTEMPATH\CodeIgniter.php(933): App\Controllers\RegistrationController->create()
10 SYSTEMPATH\CodeIgniter.php(507): CodeIgniter\CodeIgniter->runController(Object(App\Controllers\RegistrationController))
11 SYSTEMPATH\CodeIgniter.php(354): CodeIgniter\CodeIgniter->handleRequest(null, Object(Config\Cache), false)
12 SYSTEMPATH\Boot.php(363): CodeIgniter\CodeIgniter->run()
13 SYSTEMPATH\Boot.php(68): CodeIgniter\Boot::runCodeIgniter(Object(CodeIgniter\CodeIgniter))
14 FCPATH\index.php(59): CodeIgniter\Boot::bootWeb(Object(Config\Paths))
15 SYSTEMPATH\rewrite.php(44): require_once('C:\\xampp\\htdocs\\itemSystem3A\\public\\index.php')
CRITICAL - 2025-10-08 12:08:19 --> [Caused by] mysqli_sql_exception: Column 'fname' cannot be null
in SYSTEMPATH\Database\MySQLi\Connection.php on line 327.
 1 SYSTEMPATH\Database\MySQLi\Connection.php(327): mysqli->query('INSERT INTO `users` (`fname`, `lname`, `username`, `password`) VALUES (NULL, NULL, \'eunjyc\', \'123123123\')', 0)
 2 SYSTEMPATH\Database\BaseConnection.php(729): CodeIgniter\Database\MySQLi\Connection->execute('INSERT INTO `users` (`fname`, `lname`, `username`, `password`) VALUES (NULL, NULL, \'eunjyc\', \'123123123\')')
 3 SYSTEMPATH\Database\BaseConnection.php(646): CodeIgniter\Database\BaseConnection->simpleQuery('INSERT INTO `users` (`fname`, `lname`, `username`, `password`) VALUES (NULL, NULL, \'eunjyc\', \'123123123\')')
 4 SYSTEMPATH\Database\BaseBuilder.php(2345): CodeIgniter\Database\BaseConnection->query('INSERT INTO `users` (`fname`, `lname`, `username`, `password`) VALUES (:fname:, :lname:, :username:, :password:)', [...], false)
 5 SYSTEMPATH\Model.php(394): CodeIgniter\Database\BaseBuilder->insert()
 6 SYSTEMPATH\BaseModel.php(838): CodeIgniter\Model->doInsert([...])
 7 SYSTEMPATH\Model.php(797): CodeIgniter\BaseModel->insert([...], true)
 8 APPPATH\Models\UsersModel.php(14): CodeIgniter\Model->insert([...])
 9 APPPATH\Controllers\RegistrationController.php(26): App\Models\UsersModel->registerUser([...])
10 SYSTEMPATH\CodeIgniter.php(933): App\Controllers\RegistrationController->create()
11 SYSTEMPATH\CodeIgniter.php(507): CodeIgniter\CodeIgniter->runController(Object(App\Controllers\RegistrationController))
12 SYSTEMPATH\CodeIgniter.php(354): CodeIgniter\CodeIgniter->handleRequest(null, Object(Config\Cache), false)
13 SYSTEMPATH\Boot.php(363): CodeIgniter\CodeIgniter->run()
14 SYSTEMPATH\Boot.php(68): CodeIgniter\Boot::runCodeIgniter(Object(CodeIgniter\CodeIgniter))
15 FCPATH\index.php(59): CodeIgniter\Boot::bootWeb(Object(Config\Paths))
16 SYSTEMPATH\rewrite.php(44): require_once('C:\\xampp\\htdocs\\itemSystem3A\\public\\index.php')
ERROR - 2025-10-08 12:08:59 --> mysqli_sql_exception: Column 'fname' cannot be null in C:\xampp\htdocs\itemSystem3A\system\Database\MySQLi\Connection.php:327
Stack trace:
#0 C:\xampp\htdocs\itemSystem3A\system\Database\MySQLi\Connection.php(327): mysqli->query('INSERT INTO `us...', 0)
#1 C:\xampp\htdocs\itemSystem3A\system\Database\BaseConnection.php(729): CodeIgniter\Database\MySQLi\Connection->execute('INSERT INTO `us...')
#2 C:\xampp\htdocs\itemSystem3A\system\Database\BaseConnection.php(646): CodeIgniter\Database\BaseConnection->simpleQuery('INSERT INTO `us...')
#3 C:\xampp\htdocs\itemSystem3A\system\Database\BaseBuilder.php(2345): CodeIgniter\Database\BaseConnection->query('INSERT INTO `us...', Array, false)
#4 C:\xampp\htdocs\itemSystem3A\system\Model.php(394): CodeIgniter\Database\BaseBuilder->insert()
#5 C:\xampp\htdocs\itemSystem3A\system\BaseModel.php(838): CodeIgniter\Model->doInsert(Array)
#6 C:\xampp\htdocs\itemSystem3A\system\Model.php(797): CodeIgniter\BaseModel->insert(Array, true)
#7 C:\xampp\htdocs\itemSystem3A\app\Models\UsersModel.php(14): CodeIgniter\Model->insert(Array)
#8 C:\xampp\htdocs\itemSystem3A\app\Controllers\RegistrationController.php(26): App\Models\UsersModel->registerUser(Array)
#9 C:\xampp\htdocs\itemSystem3A\system\CodeIgniter.php(933): App\Controllers\RegistrationController->create()
#10 C:\xampp\htdocs\itemSystem3A\system\CodeIgniter.php(507): CodeIgniter\CodeIgniter->runController(Object(App\Controllers\RegistrationController))
#11 C:\xampp\htdocs\itemSystem3A\system\CodeIgniter.php(354): CodeIgniter\CodeIgniter->handleRequest(NULL, Object(Config\Cache), false)
#12 C:\xampp\htdocs\itemSystem3A\system\Boot.php(363): CodeIgniter\CodeIgniter->run()
#13 C:\xampp\htdocs\itemSystem3A\system\Boot.php(68): CodeIgniter\Boot::runCodeIgniter(Object(CodeIgniter\CodeIgniter))
#14 C:\xampp\htdocs\itemSystem3A\public\index.php(59): CodeIgniter\Boot::bootWeb(Object(Config\Paths))
#15 C:\xampp\htdocs\itemSystem3A\system\rewrite.php(44): require_once('C:\\xampp\\htdocs...')
#16 {main}
CRITICAL - 2025-10-08 12:08:59 --> CodeIgniter\Database\Exceptions\DatabaseException: Column 'fname' cannot be null
[Method: POST, Route: register]
in SYSTEMPATH\Database\BaseConnection.php on line 684.
 1 SYSTEMPATH\Database\BaseBuilder.php(2345): CodeIgniter\Database\BaseConnection->query('INSERT INTO `users` (`fname`, `lname`, `username`, `password`) VALUES (:fname:, :lname:, :username:, :password:)', [...], false)
 2 SYSTEMPATH\Model.php(394): CodeIgniter\Database\BaseBuilder->insert()
 3 SYSTEMPATH\BaseModel.php(838): CodeIgniter\Model->doInsert([...])
 4 SYSTEMPATH\Model.php(797): CodeIgniter\BaseModel->insert([...], true)
 5 APPPATH\Models\UsersModel.php(14): CodeIgniter\Model->insert([...])
 6 APPPATH\Controllers\RegistrationController.php(26): App\Models\UsersModel->registerUser([...])
 7 SYSTEMPATH\CodeIgniter.php(933): App\Controllers\RegistrationController->create()
 8 SYSTEMPATH\CodeIgniter.php(507): CodeIgniter\CodeIgniter->runController(Object(App\Controllers\RegistrationController))
 9 SYSTEMPATH\CodeIgniter.php(354): CodeIgniter\CodeIgniter->handleRequest(null, Object(Config\Cache), false)
10 SYSTEMPATH\Boot.php(363): CodeIgniter\CodeIgniter->run()
11 SYSTEMPATH\Boot.php(68): CodeIgniter\Boot::runCodeIgniter(Object(CodeIgniter\CodeIgniter))
12 FCPATH\index.php(59): CodeIgniter\Boot::bootWeb(Object(Config\Paths))
13 SYSTEMPATH\rewrite.php(44): require_once('C:\\xampp\\htdocs\\itemSystem3A\\public\\index.php')
CRITICAL - 2025-10-08 12:08:59 --> [Caused by] CodeIgniter\Database\Exceptions\DatabaseException: Column 'fname' cannot be null
in SYSTEMPATH\Database\MySQLi\Connection.php on line 332.
 1 SYSTEMPATH\Database\BaseConnection.php(729): CodeIgniter\Database\MySQLi\Connection->execute('INSERT INTO `users` (`fname`, `lname`, `username`, `password`) VALUES (NULL, NULL, \'eunjyc\', \'123123123\')')
 2 SYSTEMPATH\Database\BaseConnection.php(646): CodeIgniter\Database\BaseConnection->simpleQuery('INSERT INTO `users` (`fname`, `lname`, `username`, `password`) VALUES (NULL, NULL, \'eunjyc\', \'123123123\')')
 3 SYSTEMPATH\Database\BaseBuilder.php(2345): CodeIgniter\Database\BaseConnection->query('INSERT INTO `users` (`fname`, `lname`, `username`, `password`) VALUES (:fname:, :lname:, :username:, :password:)', [...], false)
 4 SYSTEMPATH\Model.php(394): CodeIgniter\Database\BaseBuilder->insert()
 5 SYSTEMPATH\BaseModel.php(838): CodeIgniter\Model->doInsert([...])
 6 SYSTEMPATH\Model.php(797): CodeIgniter\BaseModel->insert([...], true)
 7 APPPATH\Models\UsersModel.php(14): CodeIgniter\Model->insert([...])
 8 APPPATH\Controllers\RegistrationController.php(26): App\Models\UsersModel->registerUser([...])
 9 SYSTEMPATH\CodeIgniter.php(933): App\Controllers\RegistrationController->create()
10 SYSTEMPATH\CodeIgniter.php(507): CodeIgniter\CodeIgniter->runController(Object(App\Controllers\RegistrationController))
11 SYSTEMPATH\CodeIgniter.php(354): CodeIgniter\CodeIgniter->handleRequest(null, Object(Config\Cache), false)
12 SYSTEMPATH\Boot.php(363): CodeIgniter\CodeIgniter->run()
13 SYSTEMPATH\Boot.php(68): CodeIgniter\Boot::runCodeIgniter(Object(CodeIgniter\CodeIgniter))
14 FCPATH\index.php(59): CodeIgniter\Boot::bootWeb(Object(Config\Paths))
15 SYSTEMPATH\rewrite.php(44): require_once('C:\\xampp\\htdocs\\itemSystem3A\\public\\index.php')
CRITICAL - 2025-10-08 12:08:59 --> [Caused by] mysqli_sql_exception: Column 'fname' cannot be null
in SYSTEMPATH\Database\MySQLi\Connection.php on line 327.
 1 SYSTEMPATH\Database\MySQLi\Connection.php(327): mysqli->query('INSERT INTO `users` (`fname`, `lname`, `username`, `password`) VALUES (NULL, NULL, \'eunjyc\', \'123123123\')', 0)
 2 SYSTEMPATH\Database\BaseConnection.php(729): CodeIgniter\Database\MySQLi\Connection->execute('INSERT INTO `users` (`fname`, `lname`, `username`, `password`) VALUES (NULL, NULL, \'eunjyc\', \'123123123\')')
 3 SYSTEMPATH\Database\BaseConnection.php(646): CodeIgniter\Database\BaseConnection->simpleQuery('INSERT INTO `users` (`fname`, `lname`, `username`, `password`) VALUES (NULL, NULL, \'eunjyc\', \'123123123\')')
 4 SYSTEMPATH\Database\BaseBuilder.php(2345): CodeIgniter\Database\BaseConnection->query('INSERT INTO `users` (`fname`, `lname`, `username`, `password`) VALUES (:fname:, :lname:, :username:, :password:)', [...], false)
 5 SYSTEMPATH\Model.php(394): CodeIgniter\Database\BaseBuilder->insert()
 6 SYSTEMPATH\BaseModel.php(838): CodeIgniter\Model->doInsert([...])
 7 SYSTEMPATH\Model.php(797): CodeIgniter\BaseModel->insert([...], true)
 8 APPPATH\Models\UsersModel.php(14): CodeIgniter\Model->insert([...])
 9 APPPATH\Controllers\RegistrationController.php(26): App\Models\UsersModel->registerUser([...])
10 SYSTEMPATH\CodeIgniter.php(933): App\Controllers\RegistrationController->create()
11 SYSTEMPATH\CodeIgniter.php(507): CodeIgniter\CodeIgniter->runController(Object(App\Controllers\RegistrationController))
12 SYSTEMPATH\CodeIgniter.php(354): CodeIgniter\CodeIgniter->handleRequest(null, Object(Config\Cache), false)
13 SYSTEMPATH\Boot.php(363): CodeIgniter\CodeIgniter->run()
14 SYSTEMPATH\Boot.php(68): CodeIgniter\Boot::runCodeIgniter(Object(CodeIgniter\CodeIgniter))
15 FCPATH\index.php(59): CodeIgniter\Boot::bootWeb(Object(Config\Paths))
16 SYSTEMPATH\rewrite.php(44): require_once('C:\\xampp\\htdocs\\itemSystem3A\\public\\index.php')
ERROR - 2025-10-08 12:09:58 --> mysqli_sql_exception: Column 'fname' cannot be null in C:\xampp\htdocs\itemSystem3A\system\Database\MySQLi\Connection.php:327
Stack trace:
#0 C:\xampp\htdocs\itemSystem3A\system\Database\MySQLi\Connection.php(327): mysqli->query('INSERT INTO `us...', 0)
#1 C:\xampp\htdocs\itemSystem3A\system\Database\BaseConnection.php(729): CodeIgniter\Database\MySQLi\Connection->execute('INSERT INTO `us...')
#2 C:\xampp\htdocs\itemSystem3A\system\Database\BaseConnection.php(646): CodeIgniter\Database\BaseConnection->simpleQuery('INSERT INTO `us...')
#3 C:\xampp\htdocs\itemSystem3A\system\Database\BaseBuilder.php(2345): CodeIgniter\Database\BaseConnection->query('INSERT INTO `us...', Array, false)
#4 C:\xampp\htdocs\itemSystem3A\system\Model.php(394): CodeIgniter\Database\BaseBuilder->insert()
#5 C:\xampp\htdocs\itemSystem3A\system\BaseModel.php(838): CodeIgniter\Model->doInsert(Array)
#6 C:\xampp\htdocs\itemSystem3A\system\Model.php(797): CodeIgniter\BaseModel->insert(Array, true)
#7 C:\xampp\htdocs\itemSystem3A\app\Models\UsersModel.php(14): CodeIgniter\Model->insert(Array)
#8 C:\xampp\htdocs\itemSystem3A\app\Controllers\RegistrationController.php(26): App\Models\UsersModel->registerUser(Array)
#9 C:\xampp\htdocs\itemSystem3A\system\CodeIgniter.php(933): App\Controllers\RegistrationController->create()
#10 C:\xampp\htdocs\itemSystem3A\system\CodeIgniter.php(507): CodeIgniter\CodeIgniter->runController(Object(App\Controllers\RegistrationController))
#11 C:\xampp\htdocs\itemSystem3A\system\CodeIgniter.php(354): CodeIgniter\CodeIgniter->handleRequest(NULL, Object(Config\Cache), false)
#12 C:\xampp\htdocs\itemSystem3A\system\Boot.php(363): CodeIgniter\CodeIgniter->run()
#13 C:\xampp\htdocs\itemSystem3A\system\Boot.php(68): CodeIgniter\Boot::runCodeIgniter(Object(CodeIgniter\CodeIgniter))
#14 C:\xampp\htdocs\itemSystem3A\public\index.php(59): CodeIgniter\Boot::bootWeb(Object(Config\Paths))
#15 C:\xampp\htdocs\itemSystem3A\system\rewrite.php(44): require_once('C:\\xampp\\htdocs...')
#16 {main}
CRITICAL - 2025-10-08 12:09:58 --> CodeIgniter\Database\Exceptions\DatabaseException: Column 'fname' cannot be null
[Method: POST, Route: register]
in SYSTEMPATH\Database\BaseConnection.php on line 684.
 1 SYSTEMPATH\Database\BaseBuilder.php(2345): CodeIgniter\Database\BaseConnection->query('INSERT INTO `users` (`fname`, `lname`, `username`, `password`) VALUES (:fname:, :lname:, :username:, :password:)', [...], false)
 2 SYSTEMPATH\Model.php(394): CodeIgniter\Database\BaseBuilder->insert()
 3 SYSTEMPATH\BaseModel.php(838): CodeIgniter\Model->doInsert([...])
 4 SYSTEMPATH\Model.php(797): CodeIgniter\BaseModel->insert([...], true)
 5 APPPATH\Models\UsersModel.php(14): CodeIgniter\Model->insert([...])
 6 APPPATH\Controllers\RegistrationController.php(26): App\Models\UsersModel->registerUser([...])
 7 SYSTEMPATH\CodeIgniter.php(933): App\Controllers\RegistrationController->create()
 8 SYSTEMPATH\CodeIgniter.php(507): CodeIgniter\CodeIgniter->runController(Object(App\Controllers\RegistrationController))
 9 SYSTEMPATH\CodeIgniter.php(354): CodeIgniter\CodeIgniter->handleRequest(null, Object(Config\Cache), false)
10 SYSTEMPATH\Boot.php(363): CodeIgniter\CodeIgniter->run()
11 SYSTEMPATH\Boot.php(68): CodeIgniter\Boot::runCodeIgniter(Object(CodeIgniter\CodeIgniter))
12 FCPATH\index.php(59): CodeIgniter\Boot::bootWeb(Object(Config\Paths))
13 SYSTEMPATH\rewrite.php(44): require_once('C:\\xampp\\htdocs\\itemSystem3A\\public\\index.php')
CRITICAL - 2025-10-08 12:09:58 --> [Caused by] CodeIgniter\Database\Exceptions\DatabaseException: Column 'fname' cannot be null
in SYSTEMPATH\Database\MySQLi\Connection.php on line 332.
 1 SYSTEMPATH\Database\BaseConnection.php(729): CodeIgniter\Database\MySQLi\Connection->execute('INSERT INTO `users` (`fname`, `lname`, `username`, `password`) VALUES (NULL, NULL, \'eunjyc\', \'123123123\')')
 2 SYSTEMPATH\Database\BaseConnection.php(646): CodeIgniter\Database\BaseConnection->simpleQuery('INSERT INTO `users` (`fname`, `lname`, `username`, `password`) VALUES (NULL, NULL, \'eunjyc\', \'123123123\')')
 3 SYSTEMPATH\Database\BaseBuilder.php(2345): CodeIgniter\Database\BaseConnection->query('INSERT INTO `users` (`fname`, `lname`, `username`, `password`) VALUES (:fname:, :lname:, :username:, :password:)', [...], false)
 4 SYSTEMPATH\Model.php(394): CodeIgniter\Database\BaseBuilder->insert()
 5 SYSTEMPATH\BaseModel.php(838): CodeIgniter\Model->doInsert([...])
 6 SYSTEMPATH\Model.php(797): CodeIgniter\BaseModel->insert([...], true)
 7 APPPATH\Models\UsersModel.php(14): CodeIgniter\Model->insert([...])
 8 APPPATH\Controllers\RegistrationController.php(26): App\Models\UsersModel->registerUser([...])
 9 SYSTEMPATH\CodeIgniter.php(933): App\Controllers\RegistrationController->create()
10 SYSTEMPATH\CodeIgniter.php(507): CodeIgniter\CodeIgniter->runController(Object(App\Controllers\RegistrationController))
11 SYSTEMPATH\CodeIgniter.php(354): CodeIgniter\CodeIgniter->handleRequest(null, Object(Config\Cache), false)
12 SYSTEMPATH\Boot.php(363): CodeIgniter\CodeIgniter->run()
13 SYSTEMPATH\Boot.php(68): CodeIgniter\Boot::runCodeIgniter(Object(CodeIgniter\CodeIgniter))
14 FCPATH\index.php(59): CodeIgniter\Boot::bootWeb(Object(Config\Paths))
15 SYSTEMPATH\rewrite.php(44): require_once('C:\\xampp\\htdocs\\itemSystem3A\\public\\index.php')
CRITICAL - 2025-10-08 12:09:58 --> [Caused by] mysqli_sql_exception: Column 'fname' cannot be null
in SYSTEMPATH\Database\MySQLi\Connection.php on line 327.
 1 SYSTEMPATH\Database\MySQLi\Connection.php(327): mysqli->query('INSERT INTO `users` (`fname`, `lname`, `username`, `password`) VALUES (NULL, NULL, \'eunjyc\', \'123123123\')', 0)
 2 SYSTEMPATH\Database\BaseConnection.php(729): CodeIgniter\Database\MySQLi\Connection->execute('INSERT INTO `users` (`fname`, `lname`, `username`, `password`) VALUES (NULL, NULL, \'eunjyc\', \'123123123\')')
 3 SYSTEMPATH\Database\BaseConnection.php(646): CodeIgniter\Database\BaseConnection->simpleQuery('INSERT INTO `users` (`fname`, `lname`, `username`, `password`) VALUES (NULL, NULL, \'eunjyc\', \'123123123\')')
 4 SYSTEMPATH\Database\BaseBuilder.php(2345): CodeIgniter\Database\BaseConnection->query('INSERT INTO `users` (`fname`, `lname`, `username`, `password`) VALUES (:fname:, :lname:, :username:, :password:)', [...], false)
 5 SYSTEMPATH\Model.php(394): CodeIgniter\Database\BaseBuilder->insert()
 6 SYSTEMPATH\BaseModel.php(838): CodeIgniter\Model->doInsert([...])
 7 SYSTEMPATH\Model.php(797): CodeIgniter\BaseModel->insert([...], true)
 8 APPPATH\Models\UsersModel.php(14): CodeIgniter\Model->insert([...])
 9 APPPATH\Controllers\RegistrationController.php(26): App\Models\UsersModel->registerUser([...])
10 SYSTEMPATH\CodeIgniter.php(933): App\Controllers\RegistrationController->create()
11 SYSTEMPATH\CodeIgniter.php(507): CodeIgniter\CodeIgniter->runController(Object(App\Controllers\RegistrationController))
12 SYSTEMPATH\CodeIgniter.php(354): CodeIgniter\CodeIgniter->handleRequest(null, Object(Config\Cache), false)
13 SYSTEMPATH\Boot.php(363): CodeIgniter\CodeIgniter->run()
14 SYSTEMPATH\Boot.php(68): CodeIgniter\Boot::runCodeIgniter(Object(CodeIgniter\CodeIgniter))
15 FCPATH\index.php(59): CodeIgniter\Boot::bootWeb(Object(Config\Paths))
16 SYSTEMPATH\rewrite.php(44): require_once('C:\\xampp\\htdocs\\itemSystem3A\\public\\index.php')
ERROR - 2025-10-08 12:11:35 --> mysqli_sql_exception: Column 'fname' cannot be null in C:\xampp\htdocs\itemSystem3A\system\Database\MySQLi\Connection.php:327
Stack trace:
#0 C:\xampp\htdocs\itemSystem3A\system\Database\MySQLi\Connection.php(327): mysqli->query('INSERT INTO `us...', 0)
#1 C:\xampp\htdocs\itemSystem3A\system\Database\BaseConnection.php(729): CodeIgniter\Database\MySQLi\Connection->execute('INSERT INTO `us...')
#2 C:\xampp\htdocs\itemSystem3A\system\Database\BaseConnection.php(646): CodeIgniter\Database\BaseConnection->simpleQuery('INSERT INTO `us...')
#3 C:\xampp\htdocs\itemSystem3A\system\Database\BaseBuilder.php(2345): CodeIgniter\Database\BaseConnection->query('INSERT INTO `us...', Array, false)
#4 C:\xampp\htdocs\itemSystem3A\system\Model.php(394): CodeIgniter\Database\BaseBuilder->insert()
#5 C:\xampp\htdocs\itemSystem3A\system\BaseModel.php(838): CodeIgniter\Model->doInsert(Array)
#6 C:\xampp\htdocs\itemSystem3A\system\Model.php(797): CodeIgniter\BaseModel->insert(Array, true)
#7 C:\xampp\htdocs\itemSystem3A\app\Models\UsersModel.php(14): CodeIgniter\Model->insert(Array)
#8 C:\xampp\htdocs\itemSystem3A\app\Controllers\RegistrationController.php(26): App\Models\UsersModel->registerUser(Array)
#9 C:\xampp\htdocs\itemSystem3A\system\CodeIgniter.php(933): App\Controllers\RegistrationController->create()
#10 C:\xampp\htdocs\itemSystem3A\system\CodeIgniter.php(507): CodeIgniter\CodeIgniter->runController(Object(App\Controllers\RegistrationController))
#11 C:\xampp\htdocs\itemSystem3A\system\CodeIgniter.php(354): CodeIgniter\CodeIgniter->handleRequest(NULL, Object(Config\Cache), false)
#12 C:\xampp\htdocs\itemSystem3A\system\Boot.php(363): CodeIgniter\CodeIgniter->run()
#13 C:\xampp\htdocs\itemSystem3A\system\Boot.php(68): CodeIgniter\Boot::runCodeIgniter(Object(CodeIgniter\CodeIgniter))
#14 C:\xampp\htdocs\itemSystem3A\public\index.php(59): CodeIgniter\Boot::bootWeb(Object(Config\Paths))
#15 C:\xampp\htdocs\itemSystem3A\system\rewrite.php(44): require_once('C:\\xampp\\htdocs...')
#16 {main}
CRITICAL - 2025-10-08 12:11:35 --> CodeIgniter\Database\Exceptions\DatabaseException: Column 'fname' cannot be null
[Method: POST, Route: register]
in SYSTEMPATH\Database\BaseConnection.php on line 684.
 1 SYSTEMPATH\Database\BaseBuilder.php(2345): CodeIgniter\Database\BaseConnection->query('INSERT INTO `users` (`fname`, `lname`, `username`, `password`) VALUES (:fname:, :lname:, :username:, :password:)', [...], false)
 2 SYSTEMPATH\Model.php(394): CodeIgniter\Database\BaseBuilder->insert()
 3 SYSTEMPATH\BaseModel.php(838): CodeIgniter\Model->doInsert([...])
 4 SYSTEMPATH\Model.php(797): CodeIgniter\BaseModel->insert([...], true)
 5 APPPATH\Models\UsersModel.php(14): CodeIgniter\Model->insert([...])
 6 APPPATH\Controllers\RegistrationController.php(26): App\Models\UsersModel->registerUser([...])
 7 SYSTEMPATH\CodeIgniter.php(933): App\Controllers\RegistrationController->create()
 8 SYSTEMPATH\CodeIgniter.php(507): CodeIgniter\CodeIgniter->runController(Object(App\Controllers\RegistrationController))
 9 SYSTEMPATH\CodeIgniter.php(354): CodeIgniter\CodeIgniter->handleRequest(null, Object(Config\Cache), false)
10 SYSTEMPATH\Boot.php(363): CodeIgniter\CodeIgniter->run()
11 SYSTEMPATH\Boot.php(68): CodeIgniter\Boot::runCodeIgniter(Object(CodeIgniter\CodeIgniter))
12 FCPATH\index.php(59): CodeIgniter\Boot::bootWeb(Object(Config\Paths))
13 SYSTEMPATH\rewrite.php(44): require_once('C:\\xampp\\htdocs\\itemSystem3A\\public\\index.php')
CRITICAL - 2025-10-08 12:11:35 --> [Caused by] CodeIgniter\Database\Exceptions\DatabaseException: Column 'fname' cannot be null
in SYSTEMPATH\Database\MySQLi\Connection.php on line 332.
 1 SYSTEMPATH\Database\BaseConnection.php(729): CodeIgniter\Database\MySQLi\Connection->execute('INSERT INTO `users` (`fname`, `lname`, `username`, `password`) VALUES (NULL, NULL, \'eunjyc\', \'123123123\')')
 2 SYSTEMPATH\Database\BaseConnection.php(646): CodeIgniter\Database\BaseConnection->simpleQuery('INSERT INTO `users` (`fname`, `lname`, `username`, `password`) VALUES (NULL, NULL, \'eunjyc\', \'123123123\')')
 3 SYSTEMPATH\Database\BaseBuilder.php(2345): CodeIgniter\Database\BaseConnection->query('INSERT INTO `users` (`fname`, `lname`, `username`, `password`) VALUES (:fname:, :lname:, :username:, :password:)', [...], false)
 4 SYSTEMPATH\Model.php(394): CodeIgniter\Database\BaseBuilder->insert()
 5 SYSTEMPATH\BaseModel.php(838): CodeIgniter\Model->doInsert([...])
 6 SYSTEMPATH\Model.php(797): CodeIgniter\BaseModel->insert([...], true)
 7 APPPATH\Models\UsersModel.php(14): CodeIgniter\Model->insert([...])
 8 APPPATH\Controllers\RegistrationController.php(26): App\Models\UsersModel->registerUser([...])
 9 SYSTEMPATH\CodeIgniter.php(933): App\Controllers\RegistrationController->create()
10 SYSTEMPATH\CodeIgniter.php(507): CodeIgniter\CodeIgniter->runController(Object(App\Controllers\RegistrationController))
11 SYSTEMPATH\CodeIgniter.php(354): CodeIgniter\CodeIgniter->handleRequest(null, Object(Config\Cache), false)
12 SYSTEMPATH\Boot.php(363): CodeIgniter\CodeIgniter->run()
13 SYSTEMPATH\Boot.php(68): CodeIgniter\Boot::runCodeIgniter(Object(CodeIgniter\CodeIgniter))
14 FCPATH\index.php(59): CodeIgniter\Boot::bootWeb(Object(Config\Paths))
15 SYSTEMPATH\rewrite.php(44): require_once('C:\\xampp\\htdocs\\itemSystem3A\\public\\index.php')
CRITICAL - 2025-10-08 12:11:35 --> [Caused by] mysqli_sql_exception: Column 'fname' cannot be null
in SYSTEMPATH\Database\MySQLi\Connection.php on line 327.
 1 SYSTEMPATH\Database\MySQLi\Connection.php(327): mysqli->query('INSERT INTO `users` (`fname`, `lname`, `username`, `password`) VALUES (NULL, NULL, \'eunjyc\', \'123123123\')', 0)
 2 SYSTEMPATH\Database\BaseConnection.php(729): CodeIgniter\Database\MySQLi\Connection->execute('INSERT INTO `users` (`fname`, `lname`, `username`, `password`) VALUES (NULL, NULL, \'eunjyc\', \'123123123\')')
 3 SYSTEMPATH\Database\BaseConnection.php(646): CodeIgniter\Database\BaseConnection->simpleQuery('INSERT INTO `users` (`fname`, `lname`, `username`, `password`) VALUES (NULL, NULL, \'eunjyc\', \'123123123\')')
 4 SYSTEMPATH\Database\BaseBuilder.php(2345): CodeIgniter\Database\BaseConnection->query('INSERT INTO `users` (`fname`, `lname`, `username`, `password`) VALUES (:fname:, :lname:, :username:, :password:)', [...], false)
 5 SYSTEMPATH\Model.php(394): CodeIgniter\Database\BaseBuilder->insert()
 6 SYSTEMPATH\BaseModel.php(838): CodeIgniter\Model->doInsert([...])
 7 SYSTEMPATH\Model.php(797): CodeIgniter\BaseModel->insert([...], true)
 8 APPPATH\Models\UsersModel.php(14): CodeIgniter\Model->insert([...])
 9 APPPATH\Controllers\RegistrationController.php(26): App\Models\UsersModel->registerUser([...])
10 SYSTEMPATH\CodeIgniter.php(933): App\Controllers\RegistrationController->create()
11 SYSTEMPATH\CodeIgniter.php(507): CodeIgniter\CodeIgniter->runController(Object(App\Controllers\RegistrationController))
12 SYSTEMPATH\CodeIgniter.php(354): CodeIgniter\CodeIgniter->handleRequest(null, Object(Config\Cache), false)
13 SYSTEMPATH\Boot.php(363): CodeIgniter\CodeIgniter->run()
14 SYSTEMPATH\Boot.php(68): CodeIgniter\Boot::runCodeIgniter(Object(CodeIgniter\CodeIgniter))
15 FCPATH\index.php(59): CodeIgniter\Boot::bootWeb(Object(Config\Paths))
16 SYSTEMPATH\rewrite.php(44): require_once('C:\\xampp\\htdocs\\itemSystem3A\\public\\index.php')
ERROR - 2025-10-08 12:11:42 --> mysqli_sql_exception: Column 'fname' cannot be null in C:\xampp\htdocs\itemSystem3A\system\Database\MySQLi\Connection.php:327
Stack trace:
#0 C:\xampp\htdocs\itemSystem3A\system\Database\MySQLi\Connection.php(327): mysqli->query('INSERT INTO `us...', 0)
#1 C:\xampp\htdocs\itemSystem3A\system\Database\BaseConnection.php(729): CodeIgniter\Database\MySQLi\Connection->execute('INSERT INTO `us...')
#2 C:\xampp\htdocs\itemSystem3A\system\Database\BaseConnection.php(646): CodeIgniter\Database\BaseConnection->simpleQuery('INSERT INTO `us...')
#3 C:\xampp\htdocs\itemSystem3A\system\Database\BaseBuilder.php(2345): CodeIgniter\Database\BaseConnection->query('INSERT INTO `us...', Array, false)
#4 C:\xampp\htdocs\itemSystem3A\system\Model.php(394): CodeIgniter\Database\BaseBuilder->insert()
#5 C:\xampp\htdocs\itemSystem3A\system\BaseModel.php(838): CodeIgniter\Model->doInsert(Array)
#6 C:\xampp\htdocs\itemSystem3A\system\Model.php(797): CodeIgniter\BaseModel->insert(Array, true)
#7 C:\xampp\htdocs\itemSystem3A\app\Models\UsersModel.php(14): CodeIgniter\Model->insert(Array)
#8 C:\xampp\htdocs\itemSystem3A\app\Controllers\RegistrationController.php(26): App\Models\UsersModel->registerUser(Array)
#9 C:\xampp\htdocs\itemSystem3A\system\CodeIgniter.php(933): App\Controllers\RegistrationController->create()
#10 C:\xampp\htdocs\itemSystem3A\system\CodeIgniter.php(507): CodeIgniter\CodeIgniter->runController(Object(App\Controllers\RegistrationController))
#11 C:\xampp\htdocs\itemSystem3A\system\CodeIgniter.php(354): CodeIgniter\CodeIgniter->handleRequest(NULL, Object(Config\Cache), false)
#12 C:\xampp\htdocs\itemSystem3A\system\Boot.php(363): CodeIgniter\CodeIgniter->run()
#13 C:\xampp\htdocs\itemSystem3A\system\Boot.php(68): CodeIgniter\Boot::runCodeIgniter(Object(CodeIgniter\CodeIgniter))
#14 C:\xampp\htdocs\itemSystem3A\public\index.php(59): CodeIgniter\Boot::bootWeb(Object(Config\Paths))
#15 C:\xampp\htdocs\itemSystem3A\system\rewrite.php(44): require_once('C:\\xampp\\htdocs...')
#16 {main}
CRITICAL - 2025-10-08 12:11:42 --> CodeIgniter\Database\Exceptions\DatabaseException: Column 'fname' cannot be null
[Method: POST, Route: register]
in SYSTEMPATH\Database\BaseConnection.php on line 684.
 1 SYSTEMPATH\Database\BaseBuilder.php(2345): CodeIgniter\Database\BaseConnection->query('INSERT INTO `users` (`fname`, `lname`, `username`, `password`) VALUES (:fname:, :lname:, :username:, :password:)', [...], false)
 2 SYSTEMPATH\Model.php(394): CodeIgniter\Database\BaseBuilder->insert()
 3 SYSTEMPATH\BaseModel.php(838): CodeIgniter\Model->doInsert([...])
 4 SYSTEMPATH\Model.php(797): CodeIgniter\BaseModel->insert([...], true)
 5 APPPATH\Models\UsersModel.php(14): CodeIgniter\Model->insert([...])
 6 APPPATH\Controllers\RegistrationController.php(26): App\Models\UsersModel->registerUser([...])
 7 SYSTEMPATH\CodeIgniter.php(933): App\Controllers\RegistrationController->create()
 8 SYSTEMPATH\CodeIgniter.php(507): CodeIgniter\CodeIgniter->runController(Object(App\Controllers\RegistrationController))
 9 SYSTEMPATH\CodeIgniter.php(354): CodeIgniter\CodeIgniter->handleRequest(null, Object(Config\Cache), false)
10 SYSTEMPATH\Boot.php(363): CodeIgniter\CodeIgniter->run()
11 SYSTEMPATH\Boot.php(68): CodeIgniter\Boot::runCodeIgniter(Object(CodeIgniter\CodeIgniter))
12 FCPATH\index.php(59): CodeIgniter\Boot::bootWeb(Object(Config\Paths))
13 SYSTEMPATH\rewrite.php(44): require_once('C:\\xampp\\htdocs\\itemSystem3A\\public\\index.php')
CRITICAL - 2025-10-08 12:11:42 --> [Caused by] CodeIgniter\Database\Exceptions\DatabaseException: Column 'fname' cannot be null
in SYSTEMPATH\Database\MySQLi\Connection.php on line 332.
 1 SYSTEMPATH\Database\BaseConnection.php(729): CodeIgniter\Database\MySQLi\Connection->execute('INSERT INTO `users` (`fname`, `lname`, `username`, `password`) VALUES (NULL, NULL, \'eunjyc\', \'123123123\')')
 2 SYSTEMPATH\Database\BaseConnection.php(646): CodeIgniter\Database\BaseConnection->simpleQuery('INSERT INTO `users` (`fname`, `lname`, `username`, `password`) VALUES (NULL, NULL, \'eunjyc\', \'123123123\')')
 3 SYSTEMPATH\Database\BaseBuilder.php(2345): CodeIgniter\Database\BaseConnection->query('INSERT INTO `users` (`fname`, `lname`, `username`, `password`) VALUES (:fname:, :lname:, :username:, :password:)', [...], false)
 4 SYSTEMPATH\Model.php(394): CodeIgniter\Database\BaseBuilder->insert()
 5 SYSTEMPATH\BaseModel.php(838): CodeIgniter\Model->doInsert([...])
 6 SYSTEMPATH\Model.php(797): CodeIgniter\BaseModel->insert([...], true)
 7 APPPATH\Models\UsersModel.php(14): CodeIgniter\Model->insert([...])
 8 APPPATH\Controllers\RegistrationController.php(26): App\Models\UsersModel->registerUser([...])
 9 SYSTEMPATH\CodeIgniter.php(933): App\Controllers\RegistrationController->create()
10 SYSTEMPATH\CodeIgniter.php(507): CodeIgniter\CodeIgniter->runController(Object(App\Controllers\RegistrationController))
11 SYSTEMPATH\CodeIgniter.php(354): CodeIgniter\CodeIgniter->handleRequest(null, Object(Config\Cache), false)
12 SYSTEMPATH\Boot.php(363): CodeIgniter\CodeIgniter->run()
13 SYSTEMPATH\Boot.php(68): CodeIgniter\Boot::runCodeIgniter(Object(CodeIgniter\CodeIgniter))
14 FCPATH\index.php(59): CodeIgniter\Boot::bootWeb(Object(Config\Paths))
15 SYSTEMPATH\rewrite.php(44): require_once('C:\\xampp\\htdocs\\itemSystem3A\\public\\index.php')
CRITICAL - 2025-10-08 12:11:42 --> [Caused by] mysqli_sql_exception: Column 'fname' cannot be null
in SYSTEMPATH\Database\MySQLi\Connection.php on line 327.
 1 SYSTEMPATH\Database\MySQLi\Connection.php(327): mysqli->query('INSERT INTO `users` (`fname`, `lname`, `username`, `password`) VALUES (NULL, NULL, \'eunjyc\', \'123123123\')', 0)
 2 SYSTEMPATH\Database\BaseConnection.php(729): CodeIgniter\Database\MySQLi\Connection->execute('INSERT INTO `users` (`fname`, `lname`, `username`, `password`) VALUES (NULL, NULL, \'eunjyc\', \'123123123\')')
 3 SYSTEMPATH\Database\BaseConnection.php(646): CodeIgniter\Database\BaseConnection->simpleQuery('INSERT INTO `users` (`fname`, `lname`, `username`, `password`) VALUES (NULL, NULL, \'eunjyc\', \'123123123\')')
 4 SYSTEMPATH\Database\BaseBuilder.php(2345): CodeIgniter\Database\BaseConnection->query('INSERT INTO `users` (`fname`, `lname`, `username`, `password`) VALUES (:fname:, :lname:, :username:, :password:)', [...], false)
 5 SYSTEMPATH\Model.php(394): CodeIgniter\Database\BaseBuilder->insert()
 6 SYSTEMPATH\BaseModel.php(838): CodeIgniter\Model->doInsert([...])
 7 SYSTEMPATH\Model.php(797): CodeIgniter\BaseModel->insert([...], true)
 8 APPPATH\Models\UsersModel.php(14): CodeIgniter\Model->insert([...])
 9 APPPATH\Controllers\RegistrationController.php(26): App\Models\UsersModel->registerUser([...])
10 SYSTEMPATH\CodeIgniter.php(933): App\Controllers\RegistrationController->create()
11 SYSTEMPATH\CodeIgniter.php(507): CodeIgniter\CodeIgniter->runController(Object(App\Controllers\RegistrationController))
12 SYSTEMPATH\CodeIgniter.php(354): CodeIgniter\CodeIgniter->handleRequest(null, Object(Config\Cache), false)
13 SYSTEMPATH\Boot.php(363): CodeIgniter\CodeIgniter->run()
14 SYSTEMPATH\Boot.php(68): CodeIgniter\Boot::runCodeIgniter(Object(CodeIgniter\CodeIgniter))
15 FCPATH\index.php(59): CodeIgniter\Boot::bootWeb(Object(Config\Paths))
16 SYSTEMPATH\rewrite.php(44): require_once('C:\\xampp\\htdocs\\itemSystem3A\\public\\index.php')
